core_cm4.h:1939:34:void __NVIC_SystemReset()	4	static,ignoring_inline_asm
std_abs.h:71:3:constexpr double std::abs(double)	16	static
std_abs.h:75:3:constexpr float std::abs(float)	16	static
cmath:144:3:constexpr float std::atan2(float, float)	16	static
cmath:165:3:constexpr float std::ceil(float)	16	static
cmath:184:3:constexpr float std::cos(float)	16	static
cmath:425:3:constexpr float std::sin(float)	16	static
cmath:463:3:constexpr float std::sqrt(float)	16	static
myMath.h:18:2:MyVector3::MyVector3()	16	static
myMath.h:25:2:MyVector3::MyVector3(float, float, float)	24	static
myMath.h:32:12:MyVector3 MyVector3::operator+(const MyVector3&)	56	static
myMath.h:43:12:MyVector3 MyVector3::operator-(const MyVector3&)	56	static
myMath.h:68:2:MyVector4::MyVector4(float, float, float, float)	32	static
myMath.h:82:5:MyQuaternion::MyQuaternion()	16	static
myMath.h:90:10:void MyQuaternion::EulertoQuaternion(MyVector3)	64	static
myMath.h:120:5:MyMatrix4x4::MyMatrix4x4()	16	static
myMath.h:143:10:void MyMatrix4x4::Rotate(MyQuaternion)	32	static
myMath.h:161:10:void MyMatrix4x4::Inverse()	88	static
myMath.h:209:15:MyVector4 MyMatrix4x4::operator*(MyVector4)	88	static
parameters.h:52:2:Parameters::Parameters()	280	static
gthr-default.h:229:1:int __gthread_key_delete(__gthread_key_t)	16	static
pwm.h:20:2:Pwm::Pwm()	16	static
pwm.h:25:2:Pwm::Pwm(TIM_HandleTypeDef, uint32_t, float)	16	static
pwm.h:33:7:void Pwm::SetAngle(float)	24	static
leg.h:49:2:Leg::Leg(std::string, float)	1568	static
leg.h:166:7:void Leg::ForwardKinematicsForLegBase()	88	static
leg.h:180:7:void Leg::InverseKinematicsForLegBase()	224	static
leg.h:270:12:MyVector4 Leg::GetAlphaPosForOrigin()	160	static
leg.h:292:7:void Leg::UpdateLegBaseFORG(float)	176	static
leg.h:313:7:void Leg::MoveLegBasePoint(float, float, float)	56	static
leg.h:337:7:void Leg::MoveDirLegBasePoint(Direction)	16	static
leg.h:366:7:void Leg::Update()	56	static
leg.h:24:7:Leg::~Leg()	16	static
hexapod.h:75:2:Hexapod::Hexapod()	192	static
hexapod.h:95:7:void Hexapod::MoveHexapodBodyDir(float, Direction)	48	static
hexapod.h:130:7:void Hexapod::MoveHexapodBodyXYZ(float, float, float)	40	static
hexapod.h:136:7:void Hexapod::RotateHexapodBodyXYZ(float, float, float)	40	static
hexapod.h:143:7:void Hexapod::SetLocalPositionHexapodBody(MyVector3)	24	static
hexapod.h:149:7:void Hexapod::SetLocalEulerAnglesHexapodBody(MyVector3)	24	static
hexapod.h:154:7:void Hexapod::MoveLegGroup(int, int, Direction)	32	static
hexapod.h:178:7:bool Hexapod::WalkingSpecialStep(Direction, int, int, double, bool)	40	static
hexapod.h:219:7:void Hexapod::RotateLegGroup(int, float)	24	static
hexapod.h:240:7:bool Hexapod::RotatingSpecialStep(int, float, float, int)	48	static
hexapod.h:279:7:void Hexapod::Walking(Direction, bool, double, bool)	40	static
hexapod.h:315:7:void Hexapod::Rotating(bool)	24	static
hexapod.h:351:7:void Hexapod::Dancing(bool)	48	static
hexapod.h:405:7:void Hexapod::Balancing(bool, double, double)	40	static
hexapod.h:437:8:float Hexapod::Update()	24	static
msg.h:63:9:uint8_t HexCharToByte(char)	24	static
msg.h:148:9:uint8_t HexChar2ToByte(char, char)	24	static
msg.h:154:11:Message_t Message_Parser(char*)	24	static
mpu6050.h:92:9:uint8_t MPU6050_Init(I2C_HandleTypeDef*)	40	static
mpu6050.h:128:6:void MPU6050_Read_Accel(I2C_HandleTypeDef*, MPU6050_t*)	40	static
mpu6050.h:150:6:void MPU6050_Read_Gyro(I2C_HandleTypeDef*, MPU6050_t*)	40	static
mpu6050.h:172:6:void MPU6050_Read_Temp(I2C_HandleTypeDef*, MPU6050_t*)	40	static
mpu6050.h:185:8:double Kalman_getAngle(Kalman_t*, double, double, double)	104	static
mpu6050.h:215:11:MPU6050_t MPU6050_Read_All(I2C_HandleTypeDef*)	104	static
main.cpp:96:6:void HAL_UART_RxCpltCallback(UART_HandleTypeDef*)	24	static
hexapod.h:40:7:Hexapod::~Hexapod()	24	static
leg.h:24:7:Leg& Leg::operator=(Leg&&)	16	static
hexapod.h:40:7:Hexapod& Hexapod::operator=(Hexapod&&)	32	static
main.cpp:212:5:int main()	2248	static
main.cpp:338:6:void SystemClock_Config()	88	static
main.cpp:382:13:void MX_I2C2_Init()	8	static
main.cpp:410:13:void MX_TIM1_Init()	80	static
main.cpp:483:13:void MX_TIM2_Init()	48	static
main.cpp:540:13:void MX_TIM3_Init()	48	static
main.cpp:597:13:void MX_TIM4_Init()	48	static
main.cpp:658:13:void MX_TIM8_Init()	80	static
main.cpp:731:13:void MX_TIM12_Init()	40	static
main.cpp:778:13:void MX_TIM9_Init()	40	static
main.cpp:821:13:void MX_UART4_Init()	8	static
main.cpp:854:13:void MX_GPIO_Init()	56	static
main.cpp:896:6:void Error_Handler()	4	static,ignoring_inline_asm
basic_string.h:6175:5:bool std::operator==(const std::__cxx11::basic_string<_CharT, _Traits, _Alloc>&, const _CharT*) [with _CharT = char; _Traits = std::char_traits<char>; _Alloc = std::allocator<char>]	16	static
cmath:290:5:constexpr typename __gnu_cxx::__promote_2<_Tp, _Up>::__type std::fmod(_Tp, _Up) [with _Tp = float; _Up = int]	24	static
stl_algobase.h:222:5:constexpr const _Tp& std::max(const _Tp&, const _Tp&) [with _Tp = float]	16	static
cmath:475:5:constexpr typename __gnu_cxx::__enable_if<std::__is_integer<_Tp>::__value, double>::__type std::sqrt(_Tp) [with _Tp = int]	16	static
cmath:155:5:constexpr typename __gnu_cxx::__promote_2<_Tp, _Up>::__type std::atan2(_Tp, _Up) [with _Tp = int; _Up = short int]	24	static
main.cpp:905:1:void __static_initialization_and_destruction_0(int, int)	16	static
main.cpp:905:1:cpp)	8	static
main.cpp:905:1:cpp)	8	static
