basic_string.h:525:7:std::__cxx11::basic_string<_CharT, _Traits, _Alloc>::basic_string(const _CharT*, const _Alloc&) [with _CharT = char; _Traits = std::char_traits<char>; _Alloc = std::allocator<char>]	24	static
myMath.h:90:10:void MyQuaternion::EulertoQuaternion(MyVector3)	56	static
myMath.h:143:10:void MyMatrix4x4::Rotate(MyQuaternion)	16	static
myMath.h:161:10:void MyMatrix4x4::Inverse()	200	static
myMath.h:209:15:MyVector4 MyMatrix4x4::operator*(MyVector4)	48	static
pwm.h:24:2:Pwm::Pwm(TIM_HandleTypeDef, uint32_t)	16	static
pwm.h:31:7:void Pwm::SetAngle(float)	0	static
leg.h:160:7:void Leg::ForwardKinematicsForLegBase()	80	static
leg.h:264:12:MyVector4 Leg::GetAlphaPosForOrigin()	152	static
leg.h:174:7:void Leg::InverseKinematicsForLegBase()	232	static
leg.h:46:2:Leg::Leg(std::string, float)	184	static
hexapod.h:76:2:Hexapod::Hexapod()	40	static
main.cpp:118:6:void SystemClock_Config()	88	static,ignoring_inline_asm
main.cpp:70:5:int main()	2040	static,ignoring_inline_asm
main.cpp:283:6:void Error_Handler()	0	static,ignoring_inline_asm
main.cpp:292:1:cpp)	8	static
main.cpp:292:1:cpp)	0	static
